// Vitest Snapshot v1, https://vitest.dev/guide/snapshot.html

exports[`NotFound > NotFound snapshot 1`] = `
<div>
  NotFound
</div>
`;
